<?xml version='1.0' encoding='utf-8'?>
<results>
  <result id="0" errcode="0" errstring="Data Success" class="status"
          deviceid="" devicetype="" timestamp="">
  </result>
</results>
